../Display/display.c:874:27:LinesIntersection	16	static
../Display/display.c:48:6:Display_TC_Callback	12	static
../Display/display.c:112:6:LCD_Delay	0	static
../Display/display.c:125:13:LCD_SetCS	0	static
../Display/display.c:130:13:LCD_ResCS	0	static
../Display/display.c:135:13:LCD_SetDC	0	static
../Display/display.c:140:13:LCD_ResDC	0	static
../Display/display.c:164:6:LCD_HardWareReset	12	static
../Display/display.c:274:6:LCD_String_Interpretator	48	static
../Display/display.c:175:6:LCD_ReadImage	88	static
../Display/display.c:326:14:LCD_DisplayAdd	56	static
../Display/display.c:440:6:LCD_Delete	8	static
../Display/display.c:462:16:LCD_GetBackLight	0	static
../Display/display.c:468:17:LCD_GetWidth	0	static
../Display/display.c:474:17:LCD_GetHeight	0	static
../Display/display.c:481:18:LCD_GetState	0	static
../Display/display.c:490:6:LCD_SetBackLight	16	static
../Display/display.c:454:6:LCD_Init	8	static
../Display/display.c:537:6:LCD_SleepIn	8	static
../Display/display.c:569:6:LCD_SleepOut	8	static
../Display/display.c:579:6:LCD_SetActiveWindow	24	static
../Display/display.c:585:6:LCD_WriteData	16	static
../Display/display.c:623:6:LCD_WriteDataDMA	32	static
../Display/display.c:673:6:LCD_FillWindow	24	static
../Display/display.c:750:6:LCD_Fill	16	static
../Display/display.c:756:6:LCD_DrawPixel	24	static
../Display/display.c:768:6:LCD_DrawLine	56	static
../Display/display.c:831:6:LCD_DrawRectangle	32	static
../Display/display.c:840:6:LCD_DrawFilledRectangle	24	static
../Display/display.c:853:6:LCD_DrawTriangle	40	static
../Display/display.c:901:6:LCD_DrawFilledTriangle	104	static
../Display/display.c:952:6:LCD_DrawCircle	64	static
../Display/display.c:988:6:LCD_DrawFilledCircle	64	static
../Display/display.c:1023:6:LCD_DrawImage	32	static
../Display/display.c:1043:6:LCD_WriteChar	64	static
../Display/display.c:1122:6:LCD_WriteString	56	static
../Display/display.c:1140:17:LCD_Color	8	static
../Display/display.c:1149:17:LCD_Color_24b_to_16b	12	static
